
> rebase-parent@ build /Users/francesco/rebase_v4
> lerna run build

lerna notice cli v9.0.3

 Lerna (powered by Nx)   Running target build for 25 projects:

- rebase-app-backend
- rebase-app-frontend
- @rebase/auth
- @rebase/backend
- @rebase/cli
- @rebase/common
- create-rebase-app
- @rebase/data_enhancement
- @rebase/data_export
- @rebase/data_import
- @rebase/data_import_export
- @rebase/datatalk
- @rebase/editor
- @rebase/entity_history
- @rebase/firebase
- rebase
- @rebase/core
- @rebase/formex
- @rebase/mcp-server
- @rebase/media_manager
- @rebase/mongodb
- @rebase/postgresql
- @rebase/schema_inference
- @rebase/types
- @rebase/ui



> rebase:build


> rebase@4.0.0 build /Users/francesco/rebase_v4/packages/rebase
> echo "create-rebase-app: no need to build" && exit 0

create-rebase-app: no need to build

> create-rebase-app:build


> create-rebase-app@4.0.0 build /Users/francesco/rebase_v4/packages/create_rebase_app
> echo "create-rebase-app: no need to build" && exit 0

create-rebase-app: no need to build

> @rebase/cli:build


> @rebase/cli@3.1.0 build /Users/francesco/rebase_v4/packages/cli
> rm -rf templates/template_cloud/node_modules && rm -rf templates/template_cloud/yarn.lock && vite build && tsc --emitDeclarationOnly -p tsconfig.json

[36mvite v7.3.1 [32mbuilding client environment for production...[36m[39m
transforming...
[32m✓[39m 7 modules transformed.
rendering chunks...
computing gzip size...
[2mdist/[22m[36mindex.es.js  [39m[1m[2m31.66 kB[22m[1m[22m[2m │ gzip: 7.76 kB[22m[2m │ map: 63.38 kB[22m
[33mNo name was provided for external module "chalk" in "output.globals" – guessing "chalk".[39m
[33mNo name was provided for external module "form-data" in "output.globals" – guessing "FormData".[39m
[33mNo name was provided for external module "os" in "output.globals" – guessing "os".[39m
[33mNo name was provided for external module "path" in "output.globals" – guessing "path".[39m
[33mNo name was provided for external module "fs" in "output.globals" – guessing "fs".[39m
[33mNo name was provided for external module "axios" in "output.globals" – guessing "axios".[39m
[33mNo name was provided for external module "zip-folder" in "output.globals" – guessing "zipFolder".[39m
[33mNo name was provided for external module "open" in "output.globals" – guessing "open".[39m
[33mNo name was provided for external module "http" in "output.globals" – guessing "http".[39m
[33mNo name was provided for external module "events" in "output.globals" – guessing "EventEmitter".[39m
[33mNo name was provided for external module "https" in "output.globals" – guessing "https".[39m
[33mNo name was provided for external module "url" in "output.globals" – guessing "url".[39m
[33mNo name was provided for external module "ora" in "output.globals" – guessing "ora".[39m
[33mNo name was provided for external module "arg" in "output.globals" – guessing "arg".[39m
[33mNo name was provided for external module "inquirer" in "output.globals" – guessing "inquirer".[39m
[33mNo name was provided for external module "util" in "output.globals" – guessing "util".[39m
[33mNo name was provided for external module "execa" in "output.globals" – guessing "execa".[39m
[33mNo name was provided for external module "listr" in "output.globals" – guessing "Listr".[39m
[33mNo name was provided for external module "ncp" in "output.globals" – guessing "ncp".[39m
[33mCreating a browser bundle that depends on Node.js built-in modules ("os", "path", "fs", "http", "events", "https", "url" and "util"). You might need to include https://github.com/FredKSchott/rollup-plugin-polyfill-node[39m
[2mdist/[22m[36mindex.cjs  [39m[1m[2m35.46 kB[22m[1m[22m[2m │ gzip: 8.48 kB[22m[2m │ map: 63.72 kB[22m
[32m✓ built in 96ms[39m

> @rebase/formex:build


> @rebase/formex@4.0.0 build /Users/francesco/rebase_v4/packages/formex
> vite build && tsc --emitDeclarationOnly -p tsconfig.prod.json

▲ [WARNING] The condition "types" here will never be used as it comes after both "import" and "require" [package.json]

    package.json:24:12:
      24 │             "types": "./dist/index.d.ts"
         ╵             ~~~~~~~

  The "import" condition comes earlier and will be used for all "import" statements:

    package.json:22:12:
      22 │             "import": "./dist/index.es.js",
         ╵             ~~~~~~~~

  The "require" condition comes earlier and will be used for all "require" calls:

    package.json:23:12:
      23 │             "require": "./dist/index.umd.js",
         ╵             ~~~~~~~~~

[36mvite v7.3.1 [32mbuilding client environment for production...[36m[39m
transforming...
[32m✓[39m 6 modules transformed.
rendering chunks...
computing gzip size...
[2mdist/[22m[36mindex.es.js  [39m[1m[2m14.03 kB[22m[1m[22m[2m │ gzip: 3.65 kB[22m[2m │ map: 32.85 kB[22m
[33mNo name was provided for external module "react-compiler-runtime" in "output.globals" – guessing "reactCompilerRuntime".[39m
[33mNo name was provided for external module "react" in "output.globals" – guessing "React".[39m
[33mNo name was provided for external module "react/jsx-runtime" in "output.globals" – guessing "jsxRuntime".[39m
[33mNo name was provided for external module "fast-equals" in "output.globals" – guessing "fastEquals".[39m
[2mdist/[22m[36mindex.umd.js  [39m[1m[2m16.50 kB[22m[1m[22m[2m │ gzip: 4.08 kB[22m[2m │ map: 33.20 kB[22m
[32m✓ built in 322ms[39m

> @rebase/mcp-server:build


> @rebase/mcp-server@3.1.0 build /Users/francesco/rebase_v4/packages/mcp_server
> tsc


> @rebase/ui:build


> @rebase/ui@4.0.0 build /Users/francesco/rebase_v4/packages/ui
> rm -rf ./dist && vite build && tsc --emitDeclarationOnly

▲ [WARNING] The condition "types" here will never be used as it comes after both "import" and "require" [package.json]

    package.json:39:12:
      39 │             "types": "./dist/index.d.ts"
         ╵             ~~~~~~~

  The "import" condition comes earlier and will be used for all "import" statements:

    package.json:37:12:
      37 │             "import": "./dist/index.es.js",
         ╵             ~~~~~~~~

  The "require" condition comes earlier and will be used for all "require" calls:

    package.json:38:12:
      38 │             "require": "./dist/index.umd.js",
         ╵             ~~~~~~~~~

[36mvite v7.3.1 [32mbuilding client environment for production...[36m[39m
transforming...
[32m✓[39m 2268 modules transformed.
rendering chunks...
computing gzip size...
[36m[vite-plugin-static-copy][39m [32mCopied 1 items.[39m
[2mdist/[22m[36mindex.es.js  [39m[1m[33m1,080.65 kB[39m[22m[2m │ gzip: 111.29 kB[22m[2m │ map: 2,043.29 kB[22m
[33mNo name was provided for external module "react/jsx-runtime" in "output.globals" – guessing "jsxRuntime".[39m
[33mNo name was provided for external module "react/jsx-runtime" in "output.globals" – guessing "jsxRuntime".[39m
[33mNo name was provided for external module "react-compiler-runtime" in "output.globals" – guessing "reactCompilerRuntime".[39m
[33mNo name was provided for external module "react-compiler-runtime" in "output.globals" – guessing "reactCompilerRuntime".[39m
[33mNo name was provided for external module "clsx" in "output.globals" – guessing "clsx".[39m
[33mNo name was provided for external module "clsx" in "output.globals" – guessing "clsx".[39m
[33mNo name was provided for external module "tailwind-merge" in "output.globals" – guessing "tailwindMerge".[39m
[33mNo name was provided for external module "tailwind-merge" in "output.globals" – guessing "tailwindMerge".[39m
[33mNo name was provided for external module "react" in "output.globals" – guessing "React".[39m
[33mNo name was provided for external module "react" in "output.globals" – guessing "React".[39m
[33mNo name was provided for external module "@radix-ui/react-collapsible" in "output.globals" – guessing "Collapsible".[39m
[33mNo name was provided for external module "@radix-ui/react-collapsible" in "output.globals" – guessing "Collapsible".[39m
[33mNo name was provided for external module "@radix-ui/react-checkbox" in "output.globals" – guessing "CheckboxPrimitive".[39m
[33mNo name was provided for external module "@radix-ui/react-checkbox" in "output.globals" – guessing "CheckboxPrimitive".[39m
[33mNo name was provided for external module "@radix-ui/react-tooltip" in "output.globals" – guessing "TooltipPrimitive".[39m
[33mNo name was provided for external module "@radix-ui/react-tooltip" in "output.globals" – guessing "TooltipPrimitive".[39m
[33mNo name was provided for external module "@radix-ui/react-dialog" in "output.globals" – guessing "DialogPrimitive".[39m
[33mNo name was provided for external module "@radix-ui/react-dialog" in "output.globals" – guessing "DialogPrimitive".[39m
[33mNo name was provided for external module "@radix-ui/react-visually-hidden" in "output.globals" – guessing "VisuallyHidden".[39m
[33mNo name was provided for external module "@radix-ui/react-visually-hidden" in "output.globals" – guessing "VisuallyHidden".[39m
[33mNo name was provided for external module "react-dropzone" in "output.globals" – guessing "reactDropzone".[39m
[33mNo name was provided for external module "react-dropzone" in "output.globals" – guessing "reactDropzone".[39m
[33mNo name was provided for external module "@radix-ui/react-label" in "output.globals" – guessing "LabelPrimitive".[39m
[33mNo name was provided for external module "@radix-ui/react-label" in "output.globals" – guessing "LabelPrimitive".[39m
[33mNo name was provided for external module "fast-equals" in "output.globals" – guessing "fastEquals".[39m
[33mNo name was provided for external module "fast-equals" in "output.globals" – guessing "fastEquals".[39m
[33mNo name was provided for external module "markdown-it" in "output.globals" – guessing "MarkdownIt".[39m
[33mNo name was provided for external module "markdown-it" in "output.globals" – guessing "MarkdownIt".[39m
[33mNo name was provided for external module "@radix-ui/react-dropdown-menu" in "output.globals" – guessing "DropdownMenu".[39m
[33mNo name was provided for external module "@radix-ui/react-dropdown-menu" in "output.globals" – guessing "DropdownMenu".[39m
[33mNo name was provided for external module "@radix-ui/react-menubar" in "output.globals" – guessing "MenubarPrimitive".[39m
[33mNo name was provided for external module "@radix-ui/react-menubar" in "output.globals" – guessing "MenubarPrimitive".[39m
[33mNo name was provided for external module "@radix-ui/react-popover" in "output.globals" – guessing "PopoverPrimitive".[39m
[33mNo name was provided for external module "@radix-ui/react-popover" in "output.globals" – guessing "PopoverPrimitive".[39m
[33mNo name was provided for external module "cmdk" in "output.globals" – guessing "cmdk".[39m
[33mNo name was provided for external module "cmdk" in "output.globals" – guessing "cmdk".[39m
[33mNo name was provided for external module "@radix-ui/react-separator" in "output.globals" – guessing "SeparatorPrimitive".[39m
[33mNo name was provided for external module "@radix-ui/react-separator" in "output.globals" – guessing "SeparatorPrimitive".[39m
[33mNo name was provided for external module "@radix-ui/react-radio-group" in "output.globals" – guessing "RadioGroupPrimitive".[39m
[33mNo name was provided for external module "@radix-ui/react-radio-group" in "output.globals" – guessing "RadioGroupPrimitive".[39m
[33mNo name was provided for external module "@radix-ui/react-select" in "output.globals" – guessing "SelectPrimitive".[39m
[33mNo name was provided for external module "@radix-ui/react-select" in "output.globals" – guessing "SelectPrimitive".[39m
[33mNo name was provided for external module "@radix-ui/react-slider" in "output.globals" – guessing "SliderPrimitive".[39m
[33mNo name was provided for external module "@radix-ui/react-slider" in "output.globals" – guessing "SliderPrimitive".[39m
[33mNo name was provided for external module "react-dom" in "output.globals" – guessing "ReactDOM".[39m
[33mNo name was provided for external module "react-dom" in "output.globals" – guessing "ReactDOM".[39m
[33mNo name was provided for external module "@radix-ui/react-tabs" in "output.globals" – guessing "TabsPrimitive".[39m
[33mNo name was provided for external module "@radix-ui/react-tabs" in "output.globals" – guessing "TabsPrimitive".[39m
[2mdist/[22m[36mindex.umd.js  [39m[1m[33m1,277.23 kB[39m[22m[2m │ gzip: 119.91 kB[22m[2m │ map: 2,078.21 kB[22m
[32m✓ built in 10.95s[39m

> @rebase/editor:build


> @rebase/editor@4.0.0 build /Users/francesco/rebase_v4/packages/editor
> vite build && tsc --emitDeclarationOnly -p tsconfig.prod.json

[36mvite v7.3.1 [32mbuilding client environment for production...[36m[39m
transforming...
[32m✓[39m 20 modules transformed.
rendering chunks...
computing gzip size...
[2mdist/[22m[36mindex.es.js  [39m[1m[2m64.28 kB[22m[1m[22m[2m │ gzip: 15.82 kB[22m[2m │ map: 143.70 kB[22m
[33mNo name was provided for external module "react/jsx-runtime" in "output.globals" – guessing "jsxRuntime".[39m
[33mNo name was provided for external module "react" in "output.globals" – guessing "React".[39m
[33mNo name was provided for external module "@rebase/ui" in "output.globals" – guessing "ui".[39m
[33mNo name was provided for external module "@tiptap/react" in "output.globals" – guessing "react".[39m
[33mNo name was provided for external module "@tiptap/extension-document" in "output.globals" – guessing "Document".[39m
[33mNo name was provided for external module "tiptap-markdown" in "output.globals" – guessing "tiptapMarkdown".[39m
[33mNo name was provided for external module "@tiptap/extension-underline" in "output.globals" – guessing "Underline".[39m
[33mNo name was provided for external module "@tiptap/extension-heading" in "output.globals" – guessing "Heading".[39m
[33mNo name was provided for external module "@tiptap/extension-text-style" in "output.globals" – guessing "extensionTextStyle".[39m
[33mNo name was provided for external module "@tiptap/extension-color" in "output.globals" – guessing "Color".[39m
[33mNo name was provided for external module "@tiptap/extension-highlight" in "output.globals" – guessing "Highlight".[39m
[33mNo name was provided for external module "@tiptap/extension-bold" in "output.globals" – guessing "Bold".[39m
[33mNo name was provided for external module "@tiptap/extension-italic" in "output.globals" – guessing "Italic".[39m
[33mNo name was provided for external module "@tiptap/extension-strike" in "output.globals" – guessing "Strike".[39m
[33mNo name was provided for external module "react-compiler-runtime" in "output.globals" – guessing "reactCompilerRuntime".[39m
[33mNo name was provided for external module "@tiptap/react/menus" in "output.globals" – guessing "menus".[39m
[33mNo name was provided for external module "@tiptap/pm/state" in "output.globals" – guessing "state".[39m
[33mNo name was provided for external module "@radix-ui/react-slot" in "output.globals" – guessing "reactSlot".[39m
[33mNo name was provided for external module "@tiptap/starter-kit" in "output.globals" – guessing "StarterKit".[39m
[33mNo name was provided for external module "@tiptap/extension-horizontal-rule" in "output.globals" – guessing "HorizontalRule".[39m
[33mNo name was provided for external module "@tiptap/extension-link" in "output.globals" – guessing "TiptapLink".[39m
[33mNo name was provided for external module "@tiptap/extension-image" in "output.globals" – guessing "TiptapImage".[39m
[33mNo name was provided for external module "@tiptap/extension-placeholder" in "output.globals" – guessing "Placeholder".[39m
[33mNo name was provided for external module "@tiptap/extension-task-item" in "output.globals" – guessing "extensionTaskItem".[39m
[33mNo name was provided for external module "@tiptap/extension-task-list" in "output.globals" – guessing "extensionTaskList".[39m
[33mNo name was provided for external module "@tiptap/core" in "output.globals" – guessing "core".[39m
[33mNo name was provided for external module "@tiptap/pm/view" in "output.globals" – guessing "view".[39m
[33mNo name was provided for external module "@tiptap/extension-ordered-list" in "output.globals" – guessing "OrderedList".[39m
[33mNo name was provided for external module "@tiptap/extension-bullet-list" in "output.globals" – guessing "BulletList".[39m
[33mNo name was provided for external module "@tiptap/extension-list-item" in "output.globals" – guessing "ListItem".[39m
[33mNo name was provided for external module "@tiptap/extension-code-block" in "output.globals" – guessing "CodeBlock".[39m
[33mNo name was provided for external module "@tiptap/extension-blockquote" in "output.globals" – guessing "Blockquote".[39m
[33mNo name was provided for external module "@tiptap/extension-code" in "output.globals" – guessing "Code".[39m
[33mNo name was provided for external module "@tiptap/pm/model" in "output.globals" – guessing "model".[39m
[33mNo name was provided for external module "@tiptap/suggestion" in "output.globals" – guessing "Suggestion".[39m
[33mNo name was provided for external module "@floating-ui/dom" in "output.globals" – guessing "dom".[39m
[2mdist/[22m[36mindex.umd.js  [39m[1m[2m71.06 kB[22m[1m[22m[2m │ gzip: 16.55 kB[22m[2m │ map: 145.66 kB[22m
[32m✓ built in 551ms[39m

> @rebase/types:build


> @rebase/types@4.0.0 build /Users/francesco/rebase_v4/packages/types
> vite build && tsc --emitDeclarationOnly -p tsconfig.prod.json

[36mvite v5.4.21 [32mbuilding for production...[36m[39m
transforming...
[32m✓[39m 39 modules transformed.
rendering chunks...
computing gzip size...
[2mdist/[22m[36mindex.es.js  [39m[1m[2m2.45 kB[22m[1m[22m[2m │ gzip: 0.79 kB[22m[2m │ map: 7.15 kB[22m
[2mdist/[22m[36mindex.umd.js  [39m[1m[2m3.17 kB[22m[1m[22m[2m │ gzip: 1.01 kB[22m[2m │ map: 7.20 kB[22m
[32m✓ built in 310ms[39m

> @rebase/schema_inference:build


> @rebase/schema_inference@4.0.0 build /Users/francesco/rebase_v4/packages/schema_inference
> vite build && tsc --emitDeclarationOnly -p tsconfig.prod.json

▲ [WARNING] The condition "types" here will never be used as it comes after both "import" and "require" [package.json]

    package.json:23:6:
      23 │       "types": "./dist/index.d.ts"
         ╵       ~~~~~~~

  The "import" condition comes earlier and will be used for all "import" statements:

    package.json:21:6:
      21 │       "import": "./dist/index.es.js",
         ╵       ~~~~~~~~

  The "require" condition comes earlier and will be used for all "require" calls:

    package.json:22:6:
      22 │       "require": "./dist/index.umd.cjs",
         ╵       ~~~~~~~~~

[36mvite v7.3.1 [32mbuilding client environment for production...[36m[39m
transforming...
[32m✓[39m 7 modules transformed.
rendering chunks...
computing gzip size...
[2mdist/[22m[36mindex.es.js  [39m[1m[2m18.07 kB[22m[1m[22m[2m │ gzip: 4.27 kB[22m[2m │ map: 39.38 kB[22m
[2mdist/[22m[36mindex.umd.cjs  [39m[1m[2m20.11 kB[22m[1m[22m[2m │ gzip: 4.55 kB[22m[2m │ map: 39.60 kB[22m
[32m✓ built in 76ms[39m

> @rebase/common:build


> @rebase/common@4.0.0 build /Users/francesco/rebase_v4/packages/common
> vite build && tsc --emitDeclarationOnly -p tsconfig.prod.json

[36mvite v5.4.21 [32mbuilding for production...[36m[39m
transforming...
[32m✓[39m 31 modules transformed.
rendering chunks...
computing gzip size...
[2mdist/[22m[36mindex.es.js  [39m[1m[2m77.95 kB[22m[1m[22m[2m │ gzip: 17.20 kB[22m[2m │ map: 193.29 kB[22m
No name was provided for external module "@rebase/types" in "output.globals" – guessing "types".
No name was provided for external module "object-hash" in "output.globals" – guessing "hash".
No name was provided for external module "json-logic-js" in "output.globals" – guessing "jsonLogic".
No name was provided for external module "fast-equals" in "output.globals" – guessing "fastEquals".
No name was provided for external module "lodash/cloneDeep.js" in "output.globals" – guessing "cloneDeep".
[2mdist/[22m[36mindex.umd.js  [39m[1m[2m86.13 kB[22m[1m[22m[2m │ gzip: 18.02 kB[22m[2m │ map: 194.22 kB[22m
[32m✓ built in 466ms[39m

> @rebase/backend:build


> @rebase/backend@4.0.0 build /Users/francesco/rebase_v4/packages/backend
> vite build && tsc --emitDeclarationOnly -p tsconfig.prod.json

[36mvite v5.4.21 [32mbuilding for production...[36m[39m
transforming...
[32m✓[39m 57 modules transformed.
rendering chunks...
computing gzip size...
[2mdist/[22m[36mindex.es.js  [39m[1m[2m324.47 kB[22m[1m[22m[2m │ gzip: 57.70 kB[22m[2m │ map: 760.24 kB[22m
No name was provided for external module "@rebase/common" in "output.globals" – guessing "common".
No name was provided for external module "drizzle-orm" in "output.globals" – guessing "drizzleOrm".
No name was provided for external module "ws" in "output.globals" – guessing "ws".
No name was provided for external module "events" in "output.globals" – guessing "events".
No name was provided for external module "util" in "output.globals" – guessing "util".
No name was provided for external module "jsonwebtoken" in "output.globals" – guessing "jwt".
No name was provided for external module "crypto" in "output.globals" – guessing "crypto".
No name was provided for external module "google-auth-library" in "output.globals" – guessing "googleAuthLibrary".
No name was provided for external module "drizzle-orm/pg-core" in "output.globals" – guessing "pgCore".
No name was provided for external module "express" in "output.globals" – guessing "express".
No name was provided for external module "graphql" in "output.globals" – guessing "graphql".
No name was provided for external module "graphql-http/lib/use/express" in "output.globals" – guessing "express$1".
No name was provided for external module "cors" in "output.globals" – guessing "cors".
No name was provided for external module "fs" in "output.globals" – guessing "fs".
No name was provided for external module "path" in "output.globals" – guessing "path".
No name was provided for external module "ts-morph" in "output.globals" – guessing "tsMorph".
No name was provided for external module "url" in "output.globals" – guessing "url".
No name was provided for external module "nodemailer" in "output.globals" – guessing "nodemailer".
No name was provided for external module "@aws-sdk/client-s3" in "output.globals" – guessing "clientS3".
No name was provided for external module "@aws-sdk/s3-request-presigner" in "output.globals" – guessing "s3RequestPresigner".
No name was provided for external module "multer" in "output.globals" – guessing "multer".
No name was provided for external module "pg" in "output.globals" – guessing "pg".
No name was provided for external module "drizzle-orm/node-postgres" in "output.globals" – guessing "nodePostgres".
No name was provided for external module "chokidar" in "output.globals" – guessing "chokidar".
Creating a browser bundle that depends on Node.js built-in modules ("events", "util", "crypto", "fs", "path" and "url"). You might need to include https://github.com/FredKSchott/rollup-plugin-polyfill-node
[2mdist/[22m[36mindex.umd.js  [39m[1m[2m349.00 kB[22m[1m[22m[2m │ gzip: 59.23 kB[22m[2m │ map: 764.00 kB[22m
[32m✓ built in 860ms[39m

> @rebase/core:build


> @rebase/core@4.0.0 build /Users/francesco/rebase_v4/packages/rebase_core
> vite build && tsc --emitDeclarationOnly -p tsconfig.prod.json

[36mvite v7.3.1 [32mbuilding client environment for production...[36m[39m
transforming...
[32m✓[39m 269 modules transformed.
rendering chunks...
computing gzip size...
[2mdist/[22m[36mindex.es.js  [39m[1m[33m1,188.87 kB[39m[22m[2m │ gzip: 256.04 kB[22m[2m │ map: 2,432.09 kB[22m
[33mNo name was provided for external module "react/jsx-runtime" in "output.globals" – guessing "jsxRuntime".[39m
[33mNo name was provided for external module "react-compiler-runtime" in "output.globals" – guessing "reactCompilerRuntime".[39m
[33mNo name was provided for external module "react" in "output.globals" – guessing "React".[39m
[33mNo name was provided for external module "@rebase/ui" in "output.globals" – guessing "ui".[39m
[33mNo name was provided for external module "notistack" in "output.globals" – guessing "notistack".[39m
[33mNo name was provided for external module "react-router-dom" in "output.globals" – guessing "reactRouterDom".[39m
[33mNo name was provided for external module "@rebase/common" in "output.globals" – guessing "common".[39m
[33mNo name was provided for external module "@rebase/types" in "output.globals" – guessing "types".[39m
[33mNo name was provided for external module "fast-equals" in "output.globals" – guessing "fastEquals".[39m
[33mNo name was provided for external module "@rebase/formex" in "output.globals" – guessing "formex".[39m
[33mNo name was provided for external module "yup" in "output.globals" – guessing "yup".[39m
[33mNo name was provided for external module "fuse.js" in "output.globals" – guessing "Fuse".[39m
[33mNo name was provided for external module "compressorjs" in "output.globals" – guessing "Compressor".[39m
[33mNo name was provided for external module "react-dropzone" in "output.globals" – guessing "reactDropzone".[39m
[33mNo name was provided for external module "@dnd-kit/core" in "output.globals" – guessing "core".[39m
[33mNo name was provided for external module "@dnd-kit/sortable" in "output.globals" – guessing "sortable".[39m
[33mNo name was provided for external module "@dnd-kit/utilities" in "output.globals" – guessing "utilities".[39m
[33mNo name was provided for external module "date-fns" in "output.globals" – guessing "dateFns".[39m
[33mNo name was provided for external module "date-fns/locale" in "output.globals" – guessing "locales".[39m
[33mNo name was provided for external module "react-use-measure" in "output.globals" – guessing "useMeasure".[39m
[33mNo name was provided for external module "@rebase/editor" in "output.globals" – guessing "editor".[39m
[33mNo name was provided for external module "react-window" in "output.globals" – guessing "reactWindow".[39m
[33mNo name was provided for external module "@radix-ui/react-popover" in "output.globals" – guessing "PopoverPrimitive".[39m
[33mNo name was provided for external module "cmdk" in "output.globals" – guessing "cmdk".[39m
[33mNo name was provided for external module "@dnd-kit/modifiers" in "output.globals" – guessing "modifiers".[39m
[33mNo name was provided for external module "prism-react-renderer" in "output.globals" – guessing "prismReactRenderer".[39m
[33mNo name was provided for external module "react-router" in "output.globals" – guessing "reactRouter".[39m
[33mNo name was provided for external module "@radix-ui/react-portal" in "output.globals" – guessing "Portal".[39m
[2mdist/[22m[36mindex.umd.js  [39m[1m[33m1,292.55 kB[39m[22m[2m │ gzip: 262.16 kB[22m[2m │ map: 2,461.62 kB[22m
[32m✓ built in 5.63s[39m

> @rebase/auth:build


> @rebase/auth@4.0.0 build /Users/francesco/rebase_v4/packages/auth
> vite build && tsc --emitDeclarationOnly -p tsconfig.prod.json

▲ [WARNING] The condition "types" here will never be used as it comes after both "import" and "require" [package.json]

    package.json:27:12:
      27 │             "types": "./dist/index.d.ts"
         ╵             ~~~~~~~

  The "import" condition comes earlier and will be used for all "import" statements:

    package.json:25:12:
      25 │             "import": "./dist/index.es.js",
         ╵             ~~~~~~~~

  The "require" condition comes earlier and will be used for all "require" calls:

    package.json:26:12:
      26 │             "require": "./dist/index.umd.js",
         ╵             ~~~~~~~~~

[36mvite v7.3.1 [32mbuilding client environment for production...[36m[39m
transforming...
[32m✓[39m 6 modules transformed.
rendering chunks...
computing gzip size...
[2mdist/[22m[36mindex.es.js  [39m[1m[2m62.14 kB[22m[1m[22m[2m │ gzip: 11.88 kB[22m[2m │ map: 126.84 kB[22m
[33mNo name was provided for external module "react" in "output.globals" – guessing "react".[39m
[33mNo name was provided for external module "react/jsx-runtime" in "output.globals" – guessing "jsxRuntime".[39m
[33mNo name was provided for external module "@rebase/ui" in "output.globals" – guessing "ui".[39m
[33mNo name was provided for external module "@rebase/core" in "output.globals" – guessing "core".[39m
[2mdist/[22m[36mindex.umd.js  [39m[1m[2m68.63 kB[22m[1m[22m[2m │ gzip: 12.12 kB[22m[2m │ map: 130.12 kB[22m
[32m✓ built in 166ms[39m

> @rebase/mongodb:build


> @rebase/mongodb@4.0.0 build /Users/francesco/rebase_v4/packages/mongodb
> vite build && tsc --emitDeclarationOnly -p tsconfig.prod.json

[36mvite v5.4.21 [32mbuilding for production...[36m[39m
transforming...
[32m✓[39m 7 modules transformed.
rendering chunks...
computing gzip size...
[2mdist/[22m[36mindex.es.js  [39m[1m[2m23.18 kB[22m[1m[22m[2m │ gzip: 4.86 kB[22m[2m │ map: 61.49 kB[22m
No name was provided for external module "mongodb" in "output.globals" – guessing "mongodb".
[2mdist/[22m[36mindex.umd.js  [39m[1m[2m25.77 kB[22m[1m[22m[2m │ gzip: 5.15 kB[22m[2m │ map: 61.71 kB[22m
[32m✓ built in 125ms[39m

> @rebase/postgresql:build


> @rebase/postgresql@4.0.0 build /Users/francesco/rebase_v4/packages/postgresql
> vite build && tsc --emitDeclarationOnly -p tsconfig.prod.json

[36mvite v5.4.21 [32mbuilding for production...[36m[39m
transforming...
[32m✓[39m 3 modules transformed.
rendering chunks...
computing gzip size...
[2mdist/[22m[36mindex.es.js  [39m[1m[2m25.57 kB[22m[1m[22m[2m │ gzip: 4.95 kB[22m[2m │ map: 60.88 kB[22m
No name was provided for external module "react" in "output.globals" – guessing "react".
No name was provided for external module "@rebase/types" in "output.globals" – guessing "types".
[2mdist/[22m[36mindex.umd.js  [39m[1m[2m27.67 kB[22m[1m[22m[2m │ gzip: 5.20 kB[22m[2m │ map: 61.03 kB[22m
[32m✓ built in 680ms[39m

> @rebase/data_export:build


> @rebase/data_export@4.0.0 build /Users/francesco/rebase_v4/packages/data_export
> vite build && tsc --emitDeclarationOnly -p tsconfig.prod.json

▲ [WARNING] The condition "types" here will never be used as it comes after both "import" and "require" [package.json]

    package.json:28:12:
      28 │             "types": "./dist/index.d.ts"
         ╵             ~~~~~~~

  The "import" condition comes earlier and will be used for all "import" statements:

    package.json:26:12:
      26 │             "import": "./dist/index.es.js",
         ╵             ~~~~~~~~

  The "require" condition comes earlier and will be used for all "require" calls:

    package.json:27:12:
      27 │             "require": "./dist/index.umd.js",
         ╵             ~~~~~~~~~

[36mvite v7.3.1 [32mbuilding client environment for production...[36m[39m
transforming...
[32m✓[39m 6 modules transformed.
rendering chunks...
computing gzip size...
[2mdist/[22m[36mindex.es.js  [39m[1m[2m21.04 kB[22m[1m[22m[2m │ gzip: 4.16 kB[22m[2m │ map: 44.59 kB[22m
[33mNo name was provided for external module "react-compiler-runtime" in "output.globals" – guessing "reactCompilerRuntime".[39m
[33mNo name was provided for external module "@rebase/core" in "output.globals" – guessing "core".[39m
[33mNo name was provided for external module "react/jsx-runtime" in "output.globals" – guessing "jsxRuntime".[39m
[33mNo name was provided for external module "react" in "output.globals" – guessing "React".[39m
[33mNo name was provided for external module "@rebase/ui" in "output.globals" – guessing "ui".[39m
[2mdist/[22m[36mindex.umd.js  [39m[1m[2m23.34 kB[22m[1m[22m[2m │ gzip: 4.41 kB[22m[2m │ map: 45.48 kB[22m
[32m✓ built in 615ms[39m

> @rebase/entity_history:build


> @rebase/entity_history@4.0.0 build /Users/francesco/rebase_v4/packages/entity_history
> vite build && tsc --emitDeclarationOnly -p tsconfig.prod.json

▲ [WARNING] The condition "types" here will never be used as it comes after both "import" and "require" [package.json]

    package.json:25:12:
      25 │             "types": "./dist/index.d.ts"
         ╵             ~~~~~~~

  The "import" condition comes earlier and will be used for all "import" statements:

    package.json:23:12:
      23 │             "import": "./dist/index.es.js",
         ╵             ~~~~~~~~

  The "require" condition comes earlier and will be used for all "require" calls:

    package.json:24:12:
      24 │             "require": "./dist/index.umd.js",
         ╵             ~~~~~~~~~

[36mvite v7.3.1 [32mbuilding client environment for production...[36m[39m
transforming...
[32m✓[39m 10 modules transformed.
rendering chunks...
computing gzip size...
[2mdist/[22m[36mindex.es.js  [39m[1m[2m29.85 kB[22m[1m[22m[2m │ gzip: 7.56 kB[22m[2m │ map: 56.98 kB[22m
[33mNo name was provided for external module "react/jsx-runtime" in "output.globals" – guessing "jsxRuntime".[39m
[33mNo name was provided for external module "react" in "output.globals" – guessing "React".[39m
[33mNo name was provided for external module "@rebase/core" in "output.globals" – guessing "core".[39m
[33mNo name was provided for external module "react-compiler-runtime" in "output.globals" – guessing "reactCompilerRuntime".[39m
[33mNo name was provided for external module "@rebase/ui" in "output.globals" – guessing "ui".[39m
[33mNo name was provided for external module "fast-equals" in "output.globals" – guessing "fastEquals".[39m
[2mdist/[22m[36mindex.umd.js  [39m[1m[2m33.21 kB[22m[1m[22m[2m │ gzip: 7.83 kB[22m[2m │ map: 58.08 kB[22m
[32m✓ built in 930ms[39m

> @rebase/media_manager:build


> @rebase/media_manager@4.0.0 build /Users/francesco/rebase_v4/packages/media_manager
> vite build && tsc --emitDeclarationOnly -p tsconfig.prod.json

[36mvite v7.3.1 [32mbuilding client environment for production...[36m[39m
transforming...
[32m✓[39m 14 modules transformed.
rendering chunks...
computing gzip size...
[2mdist/[22m[36mindex.es.js  [39m[1m[2m48.46 kB[22m[1m[22m[2m │ gzip: 10.97 kB[22m[2m │ map: 98.80 kB[22m
[33mNo name was provided for external module "react/jsx-runtime" in "output.globals" – guessing "jsxRuntime".[39m
[33mNo name was provided for external module "react-compiler-runtime" in "output.globals" – guessing "reactCompilerRuntime".[39m
[33mNo name was provided for external module "react" in "output.globals" – guessing "react".[39m
[33mNo name was provided for external module "compressorjs" in "output.globals" – guessing "Compressor".[39m
[33mNo name was provided for external module "@rebase/ui" in "output.globals" – guessing "ui".[39m
[33mNo name was provided for external module "@rebase/formex" in "output.globals" – guessing "formex".[39m
[33mNo name was provided for external module "@rebase/core" in "output.globals" – guessing "core".[39m
[33mNo name was provided for external module "react-router-dom" in "output.globals" – guessing "reactRouterDom".[39m
[2mdist/[22m[36mindex.umd.js  [39m[1m[2m53.80 kB[22m[1m[22m[2m │ gzip: 11.30 kB[22m[2m │ map: 100.89 kB[22m
[32m✓ built in 963ms[39m

> @rebase/data_import:build


> @rebase/data_import@4.0.0 build /Users/francesco/rebase_v4/packages/data_import
> vite build && tsc --emitDeclarationOnly -p tsconfig.prod.json

▲ [WARNING] The condition "types" here will never be used as it comes after both "import" and "require" [package.json]

    package.json:30:12:
      30 │             "types": "./dist/index.d.ts"
         ╵             ~~~~~~~

  The "import" condition comes earlier and will be used for all "import" statements:

    package.json:28:12:
      28 │             "import": "./dist/index.es.js",
         ╵             ~~~~~~~~

  The "require" condition comes earlier and will be used for all "require" calls:

    package.json:29:12:
      29 │             "require": "./dist/index.umd.js",
         ╵             ~~~~~~~~~

[36mvite v7.3.1 [32mbuilding client environment for production...[36m[39m
transforming...
[32m✓[39m 18 modules transformed.
rendering chunks...
computing gzip size...
[2mdist/[22m[36mindex.es.js  [39m[1m[2m54.25 kB[22m[1m[22m[2m │ gzip: 12.09 kB[22m[2m │ map: 99.00 kB[22m
[33mNo name was provided for external module "react-compiler-runtime" in "output.globals" – guessing "reactCompilerRuntime".[39m
[33mNo name was provided for external module "react/jsx-runtime" in "output.globals" – guessing "jsxRuntime".[39m
[33mNo name was provided for external module "react" in "output.globals" – guessing "React".[39m
[33mNo name was provided for external module "@rebase/core" in "output.globals" – guessing "core".[39m
[33mNo name was provided for external module "@rebase/ui" in "output.globals" – guessing "ui".[39m
[33mNo name was provided for external module "@rebase/schema_inference" in "output.globals" – guessing "schema_inference".[39m
[33mNo name was provided for external module "xlsx" in "output.globals" – guessing "XLSX".[39m
[33mNo name was provided for external module "@rebase/formex" in "output.globals" – guessing "formex".[39m
[33mNo name was provided for external module "@rebase/common" in "output.globals" – guessing "common".[39m
[2mdist/[22m[36mindex.umd.js  [39m[1m[2m60.79 kB[22m[1m[22m[2m │ gzip: 12.61 kB[22m[2m │ map: 101.00 kB[22m
[32m✓ built in 1.12s[39m

> @rebase/data_enhancement:build


> @rebase/data_enhancement@4.0.0 build /Users/francesco/rebase_v4/packages/data_enhancement
> vite build && tsc --emitDeclarationOnly -p tsconfig.prod.json

▲ [WARNING] The condition "types" here will never be used as it comes after both "import" and "require" [package.json]

    package.json:14:12:
      14 │             "types": "./dist/index.d.ts"
         ╵             ~~~~~~~

  The "import" condition comes earlier and will be used for all "import" statements:

    package.json:12:12:
      12 │             "import": "./dist/index.es.js",
         ╵             ~~~~~~~~

  The "require" condition comes earlier and will be used for all "require" calls:

    package.json:13:12:
      13 │             "require": "./dist/index.umd.js",
         ╵             ~~~~~~~~~

[36mvite v7.3.1 [32mbuilding client environment for production...[36m[39m
transforming...
[32m✓[39m 14 modules transformed.
rendering chunks...
computing gzip size...
[2mdist/[22m[36mindex.es.js  [39m[1m[2m45.70 kB[22m[1m[22m[2m │ gzip: 11.32 kB[22m[2m │ map: 104.92 kB[22m
[33mNo name was provided for external module "react" in "output.globals" – guessing "React".[39m
[33mNo name was provided for external module "@rebase/core" in "output.globals" – guessing "core".[39m
[33mNo name was provided for external module "react/jsx-runtime" in "output.globals" – guessing "jsxRuntime".[39m
[33mNo name was provided for external module "react-compiler-runtime" in "output.globals" – guessing "reactCompilerRuntime".[39m
[33mNo name was provided for external module "fast-equals" in "output.globals" – guessing "fastEquals".[39m
[33mNo name was provided for external module "@rebase/ui" in "output.globals" – guessing "ui".[39m
[2mdist/[22m[36mindex.umd.js  [39m[1m[2m49.25 kB[22m[1m[22m[2m │ gzip: 11.47 kB[22m[2m │ map: 106.42 kB[22m
[32m✓ built in 1.13s[39m

> @rebase/data_import_export:build


> @rebase/data_import_export@4.0.0 build /Users/francesco/rebase_v4/packages/data_import_export
> vite build && tsc --emitDeclarationOnly -p tsconfig.prod.json

▲ [WARNING] The condition "types" here will never be used as it comes after both "import" and "require" [package.json]

    package.json:27:12:
      27 │             "types": "./dist/index.d.ts"
         ╵             ~~~~~~~

  The "import" condition comes earlier and will be used for all "import" statements:

    package.json:25:12:
      25 │             "import": "./dist/index.es.js",
         ╵             ~~~~~~~~

  The "require" condition comes earlier and will be used for all "require" calls:

    package.json:26:12:
      26 │             "require": "./dist/index.umd.js",
         ╵             ~~~~~~~~~

[36mvite v7.3.1 [32mbuilding client environment for production...[36m[39m
transforming...
[32m✓[39m 2 modules transformed.
rendering chunks...
computing gzip size...
[2mdist/[22m[36mindex.es.js  [39m[1m[2m0.67 kB[22m[1m[22m[2m │ gzip: 0.31 kB[22m[2m │ map: 1.54 kB[22m
[33mNo name was provided for external module "react" in "output.globals" – guessing "react".[39m
[33mNo name was provided for external module "@rebase/data_import" in "output.globals" – guessing "data_import".[39m
[33mNo name was provided for external module "@rebase/data_export" in "output.globals" – guessing "data_export".[39m
[2mdist/[22m[36mindex.umd.js  [39m[1m[2m1.64 kB[22m[1m[22m[2m │ gzip: 0.64 kB[22m[2m │ map: 1.64 kB[22m
[32m✓ built in 38ms[39m

> rebase-app-backend:build


> rebase-app-backend@1.0.0 build /Users/francesco/rebase_v4/app/backend
> tsc --noEmit


> @rebase/firebase:build


> @rebase/firebase@4.0.0 build /Users/francesco/rebase_v4/packages/firebase_rebase
> vite build && tsc --emitDeclarationOnly -p tsconfig.prod.json

▲ [WARNING] The condition "types" here will never be used as it comes after both "import" and "require" [package.json]

    package.json:43:12:
      43 │             "types": "./dist/index.d.ts"
         ╵             ~~~~~~~

  The "import" condition comes earlier and will be used for all "import" statements:

    package.json:41:12:
      41 │             "import": "./dist/index.es.js",
         ╵             ~~~~~~~~

  The "require" condition comes earlier and will be used for all "require" calls:

    package.json:42:12:
      42 │             "require": "./dist/index.umd.js",
         ╵             ~~~~~~~~~

[36mvite v7.3.1 [32mbuilding client environment for production...[36m[39m
transforming...
[32m✓[39m 26 modules transformed.
rendering chunks...
computing gzip size...
[2mdist/[22m[36mindex.es.js  [39m[1m[2m104.64 kB[22m[1m[22m[2m │ gzip: 24.67 kB[22m[2m │ map: 226.86 kB[22m
[33mNo name was provided for external module "react" in "output.globals" – guessing "React".[39m
[33mNo name was provided for external module "fast-equals" in "output.globals" – guessing "fastEquals".[39m
[33mNo name was provided for external module "@firebase/auth" in "output.globals" – guessing "auth".[39m
[33mNo name was provided for external module "@firebase/storage" in "output.globals" – guessing "storage".[39m
[33mNo name was provided for external module "@firebase/app" in "output.globals" – guessing "app".[39m
[33mNo name was provided for external module "@firebase/app-check" in "output.globals" – guessing "appCheck".[39m
[33mNo name was provided for external module "@rebase/core" in "output.globals" – guessing "core".[39m
[33mNo name was provided for external module "@firebase/firestore" in "output.globals" – guessing "firestore".[39m
[33mNo name was provided for external module "@rebase/common" in "output.globals" – guessing "common".[39m
[33mNo name was provided for external module "fuse.js" in "output.globals" – guessing "Fuse".[39m
[33mNo name was provided for external module "@firebase/functions" in "output.globals" – guessing "functions".[39m
[33mNo name was provided for external module "react-compiler-runtime" in "output.globals" – guessing "reactCompilerRuntime".[39m
[33mNo name was provided for external module "@firebase/database" in "output.globals" – guessing "database".[39m
[33mNo name was provided for external module "react/jsx-runtime" in "output.globals" – guessing "jsxRuntime".[39m
[33mNo name was provided for external module "@rebase/ui" in "output.globals" – guessing "ui".[39m
[2mdist/[22m[36mindex.umd.js  [39m[1m[2m113.66 kB[22m[1m[22m[2m │ gzip: 24.89 kB[22m[2m │ map: 230.03 kB[22m
[32m✓ built in 799ms[39m

> @rebase/datatalk:build


> @rebase/datatalk@4.0.0 build /Users/francesco/rebase_v4/packages/datatalk
> vite build && tsc --emitDeclarationOnly -p tsconfig.prod.json

[36mvite v7.3.1 [32mbuilding client environment for production...[36m[39m
transforming...
[32m✓[39m 19 modules transformed.
rendering chunks...
computing gzip size...
[2mdist/[22m[36mindex.es.js  [39m[1m[2m69.37 kB[22m[1m[22m[2m │ gzip: 16.35 kB[22m[2m │ map: 137.07 kB[22m
[33mNo name was provided for external module "react/jsx-runtime" in "output.globals" – guessing "jsxRuntime".[39m
[33mNo name was provided for external module "react" in "output.globals" – guessing "React".[39m
[33mNo name was provided for external module "react-router-dom" in "output.globals" – guessing "reactRouterDom".[39m
[33mNo name was provided for external module "@rebase/core" in "output.globals" – guessing "core".[39m
[33mNo name was provided for external module "@firebase/firestore" in "output.globals" – guessing "firestoreLibrary".[39m
[33mNo name was provided for external module "@rebase/ui" in "output.globals" – guessing "ui".[39m
[33mNo name was provided for external module "markdown-it" in "output.globals" – guessing "MarkdownIt".[39m
[33mNo name was provided for external module "@monaco-editor/react" in "output.globals" – guessing "Editor".[39m
[33mNo name was provided for external module "@rebase/formex" in "output.globals" – guessing "formex".[39m
[33mNo name was provided for external module "@rebase/firebase" in "output.globals" – guessing "firebase".[39m
[33mNo name was provided for external module "@rebase/data_export" in "output.globals" – guessing "data_export".[39m
[33mNo name was provided for external module "@rebase/schema_inference" in "output.globals" – guessing "schema_inference".[39m
[33mNo name was provided for external module "react-use-measure" in "output.globals" – guessing "useMeasure".[39m
[2mdist/[22m[36mindex.umd.js  [39m[1m[2m77.05 kB[22m[1m[22m[2m │ gzip: 16.79 kB[22m[2m │ map: 141.31 kB[22m
[32m✓ built in 141ms[39m

> rebase-app-frontend:build


> rebase-app-frontend@4.0.0 build /Users/francesco/rebase_v4/app/frontend
> vite build && tsc

[36mvite v5.4.21 [32mbuilding for production...[36m[39m
transforming...
[32m✓[39m 4064 modules transformed.
rendering chunks...
computing gzip size...
[2mbuild/[22m[32mindex.html                                                 [39m[1m[2m    0.63 kB[22m[1m[22m[2m │ gzip:     0.38 kB[22m
[2mbuild/[22m[2massets/[22m[32mjetbrains-mono-greek-400-normal-C190GLew.woff2      [39m[1m[2m    4.23 kB[22m[1m[22m
[2mbuild/[22m[2massets/[22m[32mjetbrains-mono-cyrillic-400-normal-BEIGL1Tu.woff2   [39m[1m[2m    5.33 kB[22m[1m[22m
[2mbuild/[22m[2massets/[22m[32mjetbrains-mono-vietnamese-400-normal-CqNFfHCs.woff  [39m[1m[2m    5.37 kB[22m[1m[22m
[2mbuild/[22m[2massets/[22m[32mjetbrains-mono-greek-400-normal-B9oWc5Lo.woff       [39m[1m[2m    5.66 kB[22m[1m[22m
[2mbuild/[22m[2massets/[22m[32mjetbrains-mono-cyrillic-400-normal-ugxPyKxw.woff    [39m[1m[2m    6.98 kB[22m[1m[22m
[2mbuild/[22m[2massets/[22m[32mjetbrains-mono-latin-ext-400-normal-Bc8Ftmh3.woff2  [39m[1m[2m    7.34 kB[22m[1m[22m
[2mbuild/[22m[2massets/[22m[32mjetbrains-mono-latin-ext-400-normal-fXTG6kC5.woff   [39m[1m[2m   10.13 kB[22m[1m[22m
[2mbuild/[22m[2massets/[22m[32mrubik-latin-300italic-BjnTgHaX.woff2                [39m[1m[2m   16.54 kB[22m[1m[22m
[2mbuild/[22m[2massets/[22m[32mrubik-latin-900italic-BJZ6bqIn.woff2                [39m[1m[2m   16.63 kB[22m[1m[22m
[2mbuild/[22m[2massets/[22m[32mrubik-latin-300-IF41xhp0.woff2                      [39m[1m[2m   17.06 kB[22m[1m[22m
[2mbuild/[22m[2massets/[22m[32mrubik-latin-900-DbpOXz-F.woff2                      [39m[1m[2m   17.16 kB[22m[1m[22m
[2mbuild/[22m[2massets/[22m[32mrubik-latin-400italic-B3H-3-xL.woff2                [39m[1m[2m   17.48 kB[22m[1m[22m
[2mbuild/[22m[2massets/[22m[32mrubik-latin-600italic-D5X-dHWL.woff2                [39m[1m[2m   17.54 kB[22m[1m[22m
[2mbuild/[22m[2massets/[22m[32mrubik-latin-800italic-DpPgT6Ul.woff2                [39m[1m[2m   17.63 kB[22m[1m[22m
[2mbuild/[22m[2massets/[22m[32mrubik-latin-500italic-D4s3TqxU.woff2                [39m[1m[2m   17.67 kB[22m[1m[22m
[2mbuild/[22m[2massets/[22m[32mrubik-latin-700italic-DPt4nnAH.woff2                [39m[1m[2m   17.67 kB[22m[1m[22m
[2mbuild/[22m[2massets/[22m[32mrubik-latin-800-D_8loXGX.woff2                      [39m[1m[2m   18.08 kB[22m[1m[22m
[2mbuild/[22m[2massets/[22m[32mrubik-latin-600-DuVVBolo.woff2                      [39m[1m[2m   18.24 kB[22m[1m[22m
[2mbuild/[22m[2massets/[22m[32mrubik-latin-500-k6676wqy.woff2                      [39m[1m[2m   18.27 kB[22m[1m[22m
[2mbuild/[22m[2massets/[22m[32mrubik-latin-400-CCh_naC3.woff2                      [39m[1m[2m   18.32 kB[22m[1m[22m
[2mbuild/[22m[2massets/[22m[32mrubik-latin-700-DFwFZ9Cm.woff2                      [39m[1m[2m   18.34 kB[22m[1m[22m
[2mbuild/[22m[2massets/[22m[32mrubik-latin-300italic-CH7U_bcc.woff                 [39m[1m[2m   20.86 kB[22m[1m[22m
[2mbuild/[22m[2massets/[22m[32mrubik-latin-900italic-C2xiJTgX.woff                 [39m[1m[2m   20.93 kB[22m[1m[22m
[2mbuild/[22m[2massets/[22m[32mjetbrains-mono-latin-400-normal-V6pRDFza.woff2      [39m[1m[2m   21.17 kB[22m[1m[22m
[2mbuild/[22m[2massets/[22m[32mrubik-latin-400italic-DYYtadSe.woff                 [39m[1m[2m   21.88 kB[22m[1m[22m
[2mbuild/[22m[2massets/[22m[32mrubik-latin-600italic-DzCWdPEj.woff                 [39m[1m[2m   22.00 kB[22m[1m[22m
[2mbuild/[22m[2massets/[22m[32mrubik-latin-800italic-D_pXa9CC.woff                 [39m[1m[2m   22.01 kB[22m[1m[22m
[2mbuild/[22m[2massets/[22m[32mrubik-latin-700italic-BKxMPkqx.woff                 [39m[1m[2m   22.08 kB[22m[1m[22m
[2mbuild/[22m[2massets/[22m[32mrubik-latin-500italic-8kF0WTXr.woff                 [39m[1m[2m   22.11 kB[22m[1m[22m
[2mbuild/[22m[2massets/[22m[32mrubik-latin-300-ROiagoaD.woff                       [39m[1m[2m   22.17 kB[22m[1m[22m
[2mbuild/[22m[2massets/[22m[32mrubik-latin-900-CPM492cs.woff                       [39m[1m[2m   22.19 kB[22m[1m[22m
[2mbuild/[22m[2massets/[22m[32mrubik-latin-400-CMPjKuw4.woff                       [39m[1m[2m   23.32 kB[22m[1m[22m
[2mbuild/[22m[2massets/[22m[32mrubik-latin-800-ChfRONgb.woff                       [39m[1m[2m   23.35 kB[22m[1m[22m
[2mbuild/[22m[2massets/[22m[32mrubik-latin-600-DO7njLq4.woff                       [39m[1m[2m   23.42 kB[22m[1m[22m
[2mbuild/[22m[2massets/[22m[32mrubik-latin-500-CxFZTREU.woff                       [39m[1m[2m   23.54 kB[22m[1m[22m
[2mbuild/[22m[2massets/[22m[32mrubik-latin-700-BnPTFIYa.woff                       [39m[1m[2m   23.59 kB[22m[1m[22m
[2mbuild/[22m[2massets/[22m[32mjetbrains-mono-latin-400-normal-6-qcROiO.woff       [39m[1m[2m   27.50 kB[22m[1m[22m
[2mbuild/[22m[2massets/[22m[32mmaterial-icons-kAwBdRge.woff2                       [39m[1m[2m  128.35 kB[22m[1m[22m
[2mbuild/[22m[2massets/[22m[35mindex-CXn3_KwU.css                                  [39m[1m[2m  133.22 kB[22m[1m[22m[2m │ gzip:    26.82 kB[22m
[2mbuild/[22m[2massets/[22m[36mindex-j47eWw4o.js                                   [39m[1m[33m3,855.86 kB[39m[22m[2m │ gzip: 1,094.02 kB[22m[2m │ map: 15,508.05 kB[22m
[33m
(!) Some chunks are larger than 500 kB after minification. Consider:
- Using dynamic import() to code-split the application
- Use build.rollupOptions.output.manualChunks to improve chunking: https://rollupjs.org/configuration-options/#output-manualchunks
- Adjust chunk size limit for this warning via build.chunkSizeWarningLimit.[39m
[32m✓ built in 6.94s[39m



 Lerna (powered by Nx)   Successfully ran target build for 25 projects


